../Core/Src/main.c:81:6:GetMotorSensorPeriod	16	static
../Core/Src/main.c:91:6:SetMotorSpeed	16	static
../Core/Src/main.c:110:6:AdvanceMotor	16	static
../Core/Src/main.c:127:6:ReverseMotor	16	static
../Core/Src/main.c:142:6:StopMotors	8	static
../Core/Src/main.c:151:6:InitMotorParam	24	static
../Core/Src/main.c:165:6:RegulateMotorSpeed	24	static
../Core/Src/main.c:199:6:GetBluetoothData	16	static
../Core/Src/main.c:215:5:main	56	static
../Core/Src/main.c:312:6:SystemClock_Config	88	static
../Core/Src/main.c:354:13:MX_TIM1_Init	80	static
../Core/Src/main.c:424:13:MX_TIM2_Init	56	static
../Core/Src/main.c:488:13:MX_TIM3_Init	56	static
../Core/Src/main.c:552:13:MX_USART6_UART_Init	8	static
../Core/Src/main.c:585:13:MX_GPIO_Init	40	static
../Core/Src/main.c:624:6:Error_Handler	4	static,ignoring_inline_asm
