../Core/Src/main.c:148:6:GetMotorSensorPeriod	16	static
../Core/Src/main.c:158:6:SetMotorSpeed	16	static
../Core/Src/main.c:177:6:AdvanceMotor	16	static
../Core/Src/main.c:194:6:ReverseMotor	16	static
../Core/Src/main.c:209:6:StopMotors	8	static
../Core/Src/main.c:218:6:InitMotorParam	24	static
../Core/Src/main.c:232:6:RegulateMotorSpeed	24	static
../Core/Src/main.c:276:6:GetBluetoothData	16	static
../Core/Src/main.c:292:5:main	56	static
../Core/Src/main.c:392:6:SystemClock_Config	88	static
../Core/Src/main.c:434:13:MX_TIM1_Init	80	static
../Core/Src/main.c:504:13:MX_TIM2_Init	56	static
../Core/Src/main.c:568:13:MX_TIM3_Init	56	static
../Core/Src/main.c:632:13:MX_USART6_UART_Init	8	static
../Core/Src/main.c:665:13:MX_GPIO_Init	40	static
../Core/Src/main.c:704:6:Error_Handler	4	static,ignoring_inline_asm
